// Jest Snapshot v1, https://goo.gl/fbAQLP

exports[`ðŸ‘½ Panel to match snapshot 1`] = `
Object {
  "asFragment": [Function],
  "baseElement": <body>
    <div>
      <nav
        class="sc-AxirZ iRkAyz"
        style="opacity: 0; width: 0px; transform: translateX(0%) translateZ(0);"
      >
        <div
          class="sc-AxhCb erffSu"
        >
          <span
            class="sc-AxiKw eetsyO"
          >
            Test panel title
          </span>
          <button
            class="sc-AxheI cXKxrQ"
          >
            <svg
              aria-hidden="true"
              class="StyledIconBase-ea9ulj-0 jVnGjM sc-AxgMl hkFpyu"
              fill="currentColor"
              focusable="false"
              viewBox="0 0 50 50"
              xmlns="http://www.w3.org/2000/svg"
            >
              <path
                d="M37.304 11.282l1.414 1.414-26.022 26.02-1.414-1.413z"
              />
              <path
                d="M12.696 11.282l26.022 26.02-1.414 1.415-26.022-26.02z"
              />
            </svg>
          </button>
        </div>
        <span
          class="sc-Axmtr ksBEEX"
        >
          Test panel sub title
        </span>
      </nav>
    </div>
  </body>,
  "container": <div>
    <nav
      class="sc-AxirZ iRkAyz"
      style="opacity: 0; width: 0px; transform: translateX(0%) translateZ(0);"
    >
      <div
        class="sc-AxhCb erffSu"
      >
        <span
          class="sc-AxiKw eetsyO"
        >
          Test panel title
        </span>
        <button
          class="sc-AxheI cXKxrQ"
        >
          <svg
            aria-hidden="true"
            class="StyledIconBase-ea9ulj-0 jVnGjM sc-AxgMl hkFpyu"
            fill="currentColor"
            focusable="false"
            viewBox="0 0 50 50"
            xmlns="http://www.w3.org/2000/svg"
          >
            <path
              d="M37.304 11.282l1.414 1.414-26.022 26.02-1.414-1.413z"
            />
            <path
              d="M12.696 11.282l26.022 26.02-1.414 1.415-26.022-26.02z"
            />
          </svg>
        </button>
      </div>
      <span
        class="sc-Axmtr ksBEEX"
      >
        Test panel sub title
      </span>
    </nav>
  </div>,
  "debug": [Function],
  "findAllByAltText": [Function],
  "findAllByDisplayValue": [Function],
  "findAllByLabelText": [Function],
  "findAllByPlaceholderText": [Function],
  "findAllByRole": [Function],
  "findAllByTestId": [Function],
  "findAllByText": [Function],
  "findAllByTitle": [Function],
  "findByAltText": [Function],
  "findByDisplayValue": [Function],
  "findByLabelText": [Function],
  "findByPlaceholderText": [Function],
  "findByRole": [Function],
  "findByTestId": [Function],
  "findByText": [Function],
  "findByTitle": [Function],
  "getAllByAltText": [Function],
  "getAllByDisplayValue": [Function],
  "getAllByLabelText": [Function],
  "getAllByPlaceholderText": [Function],
  "getAllByRole": [Function],
  "getAllByTestId": [Function],
  "getAllByText": [Function],
  "getAllByTitle": [Function],
  "getByAltText": [Function],
  "getByDisplayValue": [Function],
  "getByLabelText": [Function],
  "getByPlaceholderText": [Function],
  "getByRole": [Function],
  "getByTestId": [Function],
  "getByText": [Function],
  "getByTitle": [Function],
  "queryAllByAltText": [Function],
  "queryAllByDisplayValue": [Function],
  "queryAllByLabelText": [Function],
  "queryAllByPlaceholderText": [Function],
  "queryAllByRole": [Function],
  "queryAllByTestId": [Function],
  "queryAllByText": [Function],
  "queryAllByTitle": [Function],
  "queryByAltText": [Function],
  "queryByDisplayValue": [Function],
  "queryByLabelText": [Function],
  "queryByPlaceholderText": [Function],
  "queryByRole": [Function],
  "queryByTestId": [Function],
  "queryByText": [Function],
  "queryByTitle": [Function],
  "rerender": [Function],
  "unmount": [Function],
}
`;
