// Jest Snapshot v1, https://goo.gl/fbAQLP

exports[`üèì Table to match snapshot 1`] = `
Object {
  "asFragment": [Function],
  "baseElement": <body>
    <div>
      <table
        class="sc-AxjAm ctjxld"
      >
        <thead
          class="sc-AxirZ bQauTr"
        >
          <tr
            class="sc-AxiKw cydMkg"
          >
            <th
              class="sc-AxhCb iJvMiA"
            >
              Test1
            </th>
            <th
              class="sc-AxhCb iJvMiA"
            >
              Test2
            </th>
          </tr>
        </thead>
        <tbody
          class="sc-AxhUy bYsaPV"
        >
          <tr
            class="sc-AxgMl gxjrAS"
          >
            <th
              class="sc-AxheI fQlTRg"
            >
              TestValue1
            </th>
            <th
              class="sc-AxheI fQlTRg"
            >
              0
            </th>
          </tr>
          <tr
            class="sc-AxgMl gxjrAS"
          >
            <th
              class="sc-AxheI fQlTRg"
            >
              TestValue2
            </th>
            <th
              class="sc-AxheI fQlTRg"
            >
              1
            </th>
          </tr>
        </tbody>
      </table>
    </div>
  </body>,
  "container": <div>
    <table
      class="sc-AxjAm ctjxld"
    >
      <thead
        class="sc-AxirZ bQauTr"
      >
        <tr
          class="sc-AxiKw cydMkg"
        >
          <th
            class="sc-AxhCb iJvMiA"
          >
            Test1
          </th>
          <th
            class="sc-AxhCb iJvMiA"
          >
            Test2
          </th>
        </tr>
      </thead>
      <tbody
        class="sc-AxhUy bYsaPV"
      >
        <tr
          class="sc-AxgMl gxjrAS"
        >
          <th
            class="sc-AxheI fQlTRg"
          >
            TestValue1
          </th>
          <th
            class="sc-AxheI fQlTRg"
          >
            0
          </th>
        </tr>
        <tr
          class="sc-AxgMl gxjrAS"
        >
          <th
            class="sc-AxheI fQlTRg"
          >
            TestValue2
          </th>
          <th
            class="sc-AxheI fQlTRg"
          >
            1
          </th>
        </tr>
      </tbody>
    </table>
  </div>,
  "debug": [Function],
  "findAllByAltText": [Function],
  "findAllByDisplayValue": [Function],
  "findAllByLabelText": [Function],
  "findAllByPlaceholderText": [Function],
  "findAllByRole": [Function],
  "findAllByTestId": [Function],
  "findAllByText": [Function],
  "findAllByTitle": [Function],
  "findByAltText": [Function],
  "findByDisplayValue": [Function],
  "findByLabelText": [Function],
  "findByPlaceholderText": [Function],
  "findByRole": [Function],
  "findByTestId": [Function],
  "findByText": [Function],
  "findByTitle": [Function],
  "getAllByAltText": [Function],
  "getAllByDisplayValue": [Function],
  "getAllByLabelText": [Function],
  "getAllByPlaceholderText": [Function],
  "getAllByRole": [Function],
  "getAllByTestId": [Function],
  "getAllByText": [Function],
  "getAllByTitle": [Function],
  "getByAltText": [Function],
  "getByDisplayValue": [Function],
  "getByLabelText": [Function],
  "getByPlaceholderText": [Function],
  "getByRole": [Function],
  "getByTestId": [Function],
  "getByText": [Function],
  "getByTitle": [Function],
  "queryAllByAltText": [Function],
  "queryAllByDisplayValue": [Function],
  "queryAllByLabelText": [Function],
  "queryAllByPlaceholderText": [Function],
  "queryAllByRole": [Function],
  "queryAllByTestId": [Function],
  "queryAllByText": [Function],
  "queryAllByTitle": [Function],
  "queryByAltText": [Function],
  "queryByDisplayValue": [Function],
  "queryByLabelText": [Function],
  "queryByPlaceholderText": [Function],
  "queryByRole": [Function],
  "queryByTestId": [Function],
  "queryByText": [Function],
  "queryByTitle": [Function],
  "rerender": [Function],
  "unmount": [Function],
}
`;
